
> vite_react_shadcn_ts@0.0.0 build
> vite build

[36mvite v5.4.19 [32mbuilding for production...[36m[39m
transforming...
node.exe : Browserslist: browsers data (caniuse-lite) is 11 months old. Please run:
At line:1 char:1
+ & "C:\Program Files\nodejs/node.exe" "C:\Program Files\nodejs/node_mo ...
+ ~~~~~~~~~~~~~~~~~~~~~~~~~~~~~~~~~~~~~~~~~~~~~~~~~~~~~~~~~~~~~~~~~~~~~
    + CategoryInfo          : NotSpecified: (Browserslist: b...ld. Please run::String) [], RemoteException
    + FullyQualifiedErrorId : NativeCommandError
 
  npx update-browserslist-db@latest
  Why you should do it regularly: https://github.com/browserslist/update-db#readme
[32mΓ£ô[39m 2185 modules transformed.
[31mx[39m Build failed in 4.36s
[31merror during build:
[31msrc/pages/BookSlot.tsx (16:9): "useAuth" is not exported by "src/lib/auth.ts", imported by 
"src/pages/BookSlot.tsx".[31m
file: 
[36mC:/Users/agnel/Downloads/mediq/mediq-queue-connect-main/mediq-queue-connect-main/src/pages/BookSlot.tsx:16:9[31m
[33m
14: import { getTodayISTDateString, getNowIST } from "@/lib/ist";
15: import { isDoctorAvailableNow } from "@/lib/availability";
16: import { useAuth } from "@/lib/auth";
             ^
17: 
18: const SB_URL = import.meta.env.VITE_SUPABASE_URL;
[31m
    at getRollupError (file:///C:/Users/agnel/Downloads/mediq/mediq-queue-connect-main/mediq-queue-connect-main/node_mo
dules/rollup/dist/es/shared/parseAst.js:395:41)
    at error (file:///C:/Users/agnel/Downloads/mediq/mediq-queue-connect-main/mediq-queue-connect-main/node_modules/rol
lup/dist/es/shared/parseAst.js:391:42)
    at Module.error (file:///C:/Users/agnel/Downloads/mediq/mediq-queue-connect-main/mediq-queue-connect-main/node_modu
les/rollup/dist/es/shared/node-entry.js:15535:16)
    at Module.traceVariable (file:///C:/Users/agnel/Downloads/mediq/mediq-queue-connect-main/mediq-queue-connect-main/n
ode_modules/rollup/dist/es/shared/node-entry.js:15984:29)
    at ModuleScope.findVariable (file:///C:/Users/agnel/Downloads/mediq/mediq-queue-connect-main/mediq-queue-connect-ma
in/node_modules/rollup/dist/es/shared/node-entry.js:13770:39)
    at FunctionScope.findVariable (file:///C:/Users/agnel/Downloads/mediq/mediq-queue-connect-main/mediq-queue-connect-
main/node_modules/rollup/dist/es/shared/node-entry.js:5252:38)
    at FunctionBodyScope.findVariable (file:///C:/Users/agnel/Downloads/mediq/mediq-queue-connect-main/mediq-queue-conn
ect-main/node_modules/rollup/dist/es/shared/node-entry.js:5252:38)
    at Identifier.bind (file:///C:/Users/agnel/Downloads/mediq/mediq-queue-connect-main/mediq-queue-connect-main/node_m
odules/rollup/dist/es/shared/node-entry.js:5035:40)
    at CallExpression.bind (file:///C:/Users/agnel/Downloads/mediq/mediq-queue-connect-main/mediq-queue-connect-main/no
de_modules/rollup/dist/es/shared/node-entry.js:2855:23)
    at CallExpression.bind (file:///C:/Users/agnel/Downloads/mediq/mediq-queue-connect-main/mediq-queue-connect-main/no
de_modules/rollup/dist/es/shared/node-entry.js:11235:15)[39m
